20:06:16 **** Incremental Build of configuration Debug for project OA ****
make -j4 all 
arm-none-eabi-gcc "../Application/app_main.c" -mcpu=cortex-m3 -std=gnu11 -g3 -DDEBUG -DUSE_HAL_DRIVER -DSTM32F103xB -c -I../Core/Inc -I../Drivers/STM32F1xx_HAL_Driver/Inc/Legacy -I../Drivers/STM32F1xx_HAL_Driver/Inc -I../Drivers/CMSIS/Device/ST/STM32F1xx/Include -I../Drivers/CMSIS/Include -O0 -ffunction-sections -fdata-sections -Wall -fstack-usage -fcyclomatic-complexity -MMD -MP -MF"Application/app_main.d" -MT"Application/app_main.o" --specs=nano.specs -mfloat-abi=soft -mthumb -o "Application/app_main.o"
arm-none-eabi-gcc "../Application/lsm6ds3_reg.c" -mcpu=cortex-m3 -std=gnu11 -g3 -DDEBUG -DUSE_HAL_DRIVER -DSTM32F103xB -c -I../Core/Inc -I../Drivers/STM32F1xx_HAL_Driver/Inc/Legacy -I../Drivers/STM32F1xx_HAL_Driver/Inc -I../Drivers/CMSIS/Device/ST/STM32F1xx/Include -I../Drivers/CMSIS/Include -O0 -ffunction-sections -fdata-sections -Wall -fstack-usage -fcyclomatic-complexity -MMD -MP -MF"Application/lsm6ds3_reg.d" -MT"Application/lsm6ds3_reg.o" --specs=nano.specs -mfloat-abi=soft -mthumb -o "Application/lsm6ds3_reg.o"
../Application/app_main.c:6:21: warning: extra tokens at end of #include directive
    6 | #include "bme280.h" FIXME
      |                     ^~~~~
../Application/app_main.c: In function 'bme_i2c_read':
../Application/app_main.c:30:34: error: 'DevAddress' undeclared (first use in this function)
   30 |  HAL_I2C_Master_Transmit(&hi2c2, DevAddress, &reg_addr, 1, HAL_MAX_DELAY); //FIXME
      |                                  ^~~~~~~~~~
../Application/app_main.c:30:34: note: each undeclared identifier is reported only once for each function it appears in
../Application/app_main.c:32:2: warning: implicit declaration of function 'bme_spi_cs_up'; did you mean 'bme_i2c_up'? [-Wimplicit-function-declaration]
   32 |  bme_spi_cs_up();
      |  ^~~~~~~~~~~~~
      |  bme_i2c_up
../Application/app_main.c: In function 'app_main':
../Application/app_main.c:93:14: error: 'bme_i2c_write' undeclared (first use in this function); did you mean 'lsm_i2c_write'?
   93 |  bme.write = bme_i2c_write;
      |              ^~~~~~~~~~~~~
      |              lsm_i2c_write
At top level:
../Application/app_main.c:15:13: warning: 'bme_i2c_up' defined but not used [-Wunused-function]
   15 | static void bme_i2c_up(void)
      |             ^~~~~~~~~~
make: *** [Application/subdir.mk:25: Application/app_main.o] Error 1
make: *** Waiting for unfinished jobs....
"make -j4 all" terminated with exit code 2. Build might be incomplete.
20:10:08 **** Incremental Build of configuration Debug for project OA ****
make -j4 all 
arm-none-eabi-gcc "../Application/app_main.c" -mcpu=cortex-m3 -std=gnu11 -g3 -DDEBUG -DUSE_HAL_DRIVER -DSTM32F103xB -c -I../Core/Inc -I../Drivers/STM32F1xx_HAL_Driver/Inc/Legacy -I../Drivers/STM32F1xx_HAL_Driver/Inc -I../Drivers/CMSIS/Device/ST/STM32F1xx/Include -I../Drivers/CMSIS/Include -O0 -ffunction-sections -fdata-sections -Wall -fstack-usage -fcyclomatic-complexity -MMD -MP -MF"Application/app_main.d" -MT"Application/app_main.o" --specs=nano.specs -mfloat-abi=soft -mthumb -o "Application/app_main.o"
../Application/app_main.c: In function 'bme_i2c_read':
../Application/app_main.c:30:34: warning: passing argument 2 of 'HAL_I2C_Master_Transmit' makes integer from pointer without a cast [-Wint-conversion]
   30 |  HAL_I2C_Master_Transmit(&hi2c2, &reg_addr, data, 1, HAL_MAX_DELAY); //FIXME
      |                                  ^~~~~~~~~
      |                                  |
      |                                  uint8_t * {aka unsigned char *}
In file included from ../Core/Inc/stm32f1xx_hal_conf.h:298,
                 from ../Drivers/STM32F1xx_HAL_Driver/Inc/stm32f1xx_hal.h:29,
                 from ../Application/app_main.c:3:
../Drivers/STM32F1xx_HAL_Driver/Inc/stm32f1xx_hal_i2c.h:563:77: note: expected 'uint16_t' {aka 'short unsigned int'} but argument is of type 'uint8_t *' {aka 'unsigned char *'}
  563 | HAL_StatusTypeDef HAL_I2C_Master_Transmit(I2C_HandleTypeDef *hi2c, uint16_t DevAddress, uint8_t *pData, uint16_t Size, uint32_t Timeout);
      |                                                                    ~~~~~~~~~^~~~~~~~~~
../Application/app_main.c:31:33: warning: passing argument 2 of 'HAL_I2C_Master_Receive' makes integer from pointer without a cast [-Wint-conversion]
   31 |  HAL_I2C_Master_Receive(&hi2c2, &reg_addr, data, data_len, HAL_MAX_DELAY); //FIXME
      |                                 ^~~~~~~~~
      |                                 |
      |                                 uint8_t * {aka unsigned char *}
In file included from ../Core/Inc/stm32f1xx_hal_conf.h:298,
                 from ../Drivers/STM32F1xx_HAL_Driver/Inc/stm32f1xx_hal.h:29,
                 from ../Application/app_main.c:3:
../Drivers/STM32F1xx_HAL_Driver/Inc/stm32f1xx_hal_i2c.h:564:76: note: expected 'uint16_t' {aka 'short unsigned int'} but argument is of type 'uint8_t *' {aka 'unsigned char *'}
  564 | HAL_StatusTypeDef HAL_I2C_Master_Receive(I2C_HandleTypeDef *hi2c, uint16_t DevAddress, uint8_t *pData, uint16_t Size, uint32_t Timeout);
      |                                                                   ~~~~~~~~~^~~~~~~~~~
../Application/app_main.c: In function 'bme_i2c_write':
../Application/app_main.c:46:34: warning: passing argument 2 of 'HAL_I2C_Master_Transmit' makes integer from pointer without a cast [-Wint-conversion]
   46 |  HAL_I2C_Master_Transmit(&hi2c2, &reg_addr, data, 1, HAL_MAX_DELAY); //FIXME
      |                                  ^~~~~~~~~
      |                                  |
      |                                  uint8_t * {aka unsigned char *}
In file included from ../Core/Inc/stm32f1xx_hal_conf.h:298,
                 from ../Drivers/STM32F1xx_HAL_Driver/Inc/stm32f1xx_hal.h:29,
                 from ../Application/app_main.c:3:
../Drivers/STM32F1xx_HAL_Driver/Inc/stm32f1xx_hal_i2c.h:563:77: note: expected 'uint16_t' {aka 'short unsigned int'} but argument is of type 'uint8_t *' {aka 'unsigned char *'}
  563 | HAL_StatusTypeDef HAL_I2C_Master_Transmit(I2C_HandleTypeDef *hi2c, uint16_t DevAddress, uint8_t *pData, uint16_t Size, uint32_t Timeout);
      |                                                                    ~~~~~~~~~^~~~~~~~~~
../Application/app_main.c:46:45: warning: passing argument 3 of 'HAL_I2C_Master_Transmit' discards 'const' qualifier from pointer target type [-Wdiscarded-qualifiers]
   46 |  HAL_I2C_Master_Transmit(&hi2c2, &reg_addr, data, 1, HAL_MAX_DELAY); //FIXME
      |                                             ^~~~
In file included from ../Core/Inc/stm32f1xx_hal_conf.h:298,
                 from ../Drivers/STM32F1xx_HAL_Driver/Inc/stm32f1xx_hal.h:29,
                 from ../Application/app_main.c:3:
../Drivers/STM32F1xx_HAL_Driver/Inc/stm32f1xx_hal_i2c.h:563:98: note: expected 'uint8_t *' {aka 'unsigned char *'} but argument is of type 'const uint8_t *' {aka 'const unsigned char *'}
  563 | HAL_StatusTypeDef HAL_I2C_Master_Transmit(I2C_HandleTypeDef *hi2c, uint16_t DevAddress, uint8_t *pData, uint16_t Size, uint32_t Timeout);
      |                                                                                         ~~~~~~~~~^~~~~
../Application/app_main.c:47:33: warning: passing argument 2 of 'HAL_I2C_Master_Receive' makes integer from pointer without a cast [-Wint-conversion]
   47 |  HAL_I2C_Master_Receive(&hi2c2, &reg_addr, data, data_len, HAL_MAX_DELAY); //FIXME
      |                                 ^~~~~~~~~
      |                                 |
      |                                 uint8_t * {aka unsigned char *}
In file included from ../Core/Inc/stm32f1xx_hal_conf.h:298,
                 from ../Drivers/STM32F1xx_HAL_Driver/Inc/stm32f1xx_hal.h:29,
                 from ../Application/app_main.c:3:
../Drivers/STM32F1xx_HAL_Driver/Inc/stm32f1xx_hal_i2c.h:564:76: note: expected 'uint16_t' {aka 'short unsigned int'} but argument is of type 'uint8_t *' {aka 'unsigned char *'}
  564 | HAL_StatusTypeDef HAL_I2C_Master_Receive(I2C_HandleTypeDef *hi2c, uint16_t DevAddress, uint8_t *pData, uint16_t Size, uint32_t Timeout);
      |                                                                   ~~~~~~~~~^~~~~~~~~~
../Application/app_main.c:47:44: warning: passing argument 3 of 'HAL_I2C_Master_Receive' discards 'const' qualifier from pointer target type [-Wdiscarded-qualifiers]
   47 |  HAL_I2C_Master_Receive(&hi2c2, &reg_addr, data, data_len, HAL_MAX_DELAY); //FIXME
      |                                            ^~~~
In file included from ../Core/Inc/stm32f1xx_hal_conf.h:298,
                 from ../Drivers/STM32F1xx_HAL_Driver/Inc/stm32f1xx_hal.h:29,
                 from ../Application/app_main.c:3:
../Drivers/STM32F1xx_HAL_Driver/Inc/stm32f1xx_hal_i2c.h:564:97: note: expected 'uint8_t *' {aka 'unsigned char *'} but argument is of type 'const uint8_t *' {aka 'const unsigned char *'}
  564 | HAL_StatusTypeDef HAL_I2C_Master_Receive(I2C_HandleTypeDef *hi2c, uint16_t DevAddress, uint8_t *pData, uint16_t Size, uint32_t Timeout);
      |                                                                                        ~~~~~~~~~^~~~~
arm-none-eabi-gcc -o "OA.elf" @"objects.list"   -mcpu=cortex-m3 -T"/home/miroalex07/Documents/cansat-gravitsapa-2023-2024/src/board/STM32F103C8TX_FLASH.ld" --specs=nosys.specs -Wl,-Map="OA.map" -Wl,--gc-sections -static --specs=nano.specs -mfloat-abi=soft -mthumb -u _printf_float -Wl,--start-group -lc -lm -Wl,--end-group
/opt/st/stm32cubeide_1.12.1/plugins/com.st.stm32cube.ide.mcu.externaltools.gnu-tools-for-stm32.10.3-2021.10.linux64_1.0.200.202301161003/tools/bin/../lib/gcc/arm-none-eabi/10.3.1/../../../../arm-none-eabi/bin/ld: ./Core/Src/bme280.o: in function `bme280_init':
/home/miroalex07/Documents/cansat-gravitsapa-2023-2024/src/board/Debug/../Core/Src/bme280.c:414: multiple definition of `bme280_init'; ./Application/bme280.o:/home/miroalex07/Documents/cansat-gravitsapa-2023-2024/src/board/Debug/../Application/bme280.c:405: first defined here
/opt/st/stm32cubeide_1.12.1/plugins/com.st.stm32cube.ide.mcu.externaltools.gnu-tools-for-stm32.10.3-2021.10.linux64_1.0.200.202301161003/tools/bin/../lib/gcc/arm-none-eabi/10.3.1/../../../../arm-none-eabi/bin/ld: ./Core/Src/bme280.o: in function `bme280_get_regs':
/home/miroalex07/Documents/cansat-gravitsapa-2023-2024/src/board/Debug/../Core/Src/bme280.c:450: multiple definition of `bme280_get_regs'; ./Application/bme280.o:/home/miroalex07/Documents/cansat-gravitsapa-2023-2024/src/board/Debug/../Application/bme280.c:459: first defined here
/opt/st/stm32cubeide_1.12.1/plugins/com.st.stm32cube.ide.mcu.externaltools.gnu-tools-for-stm32.10.3-2021.10.linux64_1.0.200.202301161003/tools/bin/../lib/gcc/arm-none-eabi/10.3.1/../../../../arm-none-eabi/bin/ld: ./Core/Src/bme280.o: in function `bme280_soft_reset':
/home/miroalex07/Documents/cansat-gravitsapa-2023-2024/src/board/Debug/../Core/Src/bme280.c:678: multiple definition of `bme280_soft_reset'; ./Application/bme280.o:/home/miroalex07/Documents/cansat-gravitsapa-2023-2024/src/board/Debug/../Application/bme280.c:696: first defined here
/opt/st/stm32cubeide_1.12.1/plugins/com.st.stm32cube.ide.mcu.externaltools.gnu-tools-for-stm32.10.3-2021.10.linux64_1.0.200.202301161003/tools/bin/../lib/gcc/arm-none-eabi/10.3.1/../../../../arm-none-eabi/bin/ld: ./Core/Src/bme280.o: in function `bme280_set_regs':
/home/miroalex07/Documents/cansat-gravitsapa-2023-2024/src/board/Debug/../Core/Src/bme280.c:486: multiple definition of `bme280_set_regs'; ./Application/bme280.o:/home/miroalex07/Documents/cansat-gravitsapa-2023-2024/src/board/Debug/../Application/bme280.c:496: first defined here
/opt/st/stm32cubeide_1.12.1/plugins/com.st.stm32cube.ide.mcu.externaltools.gnu-tools-for-stm32.10.3-2021.10.linux64_1.0.200.202301161003/tools/bin/../lib/gcc/arm-none-eabi/10.3.1/../../../../arm-none-eabi/bin/ld: ./Core/Src/bme280.o: in function `bme280_set_sensor_settings':
/home/miroalex07/Documents/cansat-gravitsapa-2023-2024/src/board/Debug/../Core/Src/bme280.c:558: multiple definition of `bme280_set_sensor_settings'; ./Application/bme280.o:/home/miroalex07/Documents/cansat-gravitsapa-2023-2024/src/board/Debug/../Application/bme280.c:567: first defined here
/opt/st/stm32cubeide_1.12.1/plugins/com.st.stm32cube.ide.mcu.externaltools.gnu-tools-for-stm32.10.3-2021.10.linux64_1.0.200.202301161003/tools/bin/../lib/gcc/arm-none-eabi/10.3.1/../../../../arm-none-eabi/bin/ld: ./Core/Src/bme280.o: in function `bme280_get_sensor_mode':
/home/miroalex07/Documents/cansat-gravitsapa-2023-2024/src/board/Debug/../Core/Src/bme280.c:655: multiple definition of `bme280_get_sensor_mode'; ./Application/bme280.o:/home/miroalex07/Documents/cansat-gravitsapa-2023-2024/src/board/Debug/../Application/bme280.c:670: first defined here
/opt/st/stm32cubeide_1.12.1/plugins/com.st.stm32cube.ide.mcu.externaltools.gnu-tools-for-stm32.10.3-2021.10.linux64_1.0.200.202301161003/tools/bin/../lib/gcc/arm-none-eabi/10.3.1/../../../../arm-none-eabi/bin/ld: ./Core/Src/bme280.o: in function `bme280_get_sensor_settings':
/home/miroalex07/Documents/cansat-gravitsapa-2023-2024/src/board/Debug/../Core/Src/bme280.c:603: multiple definition of `bme280_get_sensor_settings'; ./Application/bme280.o:/home/miroalex07/Documents/cansat-gravitsapa-2023-2024/src/board/Debug/../Application/bme280.c:612: first defined here
/opt/st/stm32cubeide_1.12.1/plugins/com.st.stm32cube.ide.mcu.externaltools.gnu-tools-for-stm32.10.3-2021.10.linux64_1.0.200.202301161003/tools/bin/../lib/gcc/arm-none-eabi/10.3.1/../../../../arm-none-eabi/bin/ld: ./Core/Src/bme280.o: in function `bme280_set_sensor_mode':
/home/miroalex07/Documents/cansat-gravitsapa-2023-2024/src/board/Debug/../Core/Src/bme280.c:628: multiple definition of `bme280_set_sensor_mode'; ./Application/bme280.o:/home/miroalex07/Documents/cansat-gravitsapa-2023-2024/src/board/Debug/../Application/bme280.c:637: first defined here
/opt/st/stm32cubeide_1.12.1/plugins/com.st.stm32cube.ide.mcu.externaltools.gnu-tools-for-stm32.10.3-2021.10.linux64_1.0.200.202301161003/tools/bin/../lib/gcc/arm-none-eabi/10.3.1/../../../../arm-none-eabi/bin/ld: ./Core/Src/bme280.o: in function `bme280_get_sensor_data':
/home/miroalex07/Documents/cansat-gravitsapa-2023-2024/src/board/Debug/../Core/Src/bme280.c:716: multiple definition of `bme280_get_sensor_data'; ./Application/bme280.o:/home/miroalex07/Documents/cansat-gravitsapa-2023-2024/src/board/Debug/../Application/bme280.c:741: first defined here
/opt/st/stm32cubeide_1.12.1/plugins/com.st.stm32cube.ide.mcu.externaltools.gnu-tools-for-stm32.10.3-2021.10.linux64_1.0.200.202301161003/tools/bin/../lib/gcc/arm-none-eabi/10.3.1/../../../../arm-none-eabi/bin/ld: ./Core/Src/bme280.o: in function `bme280_compensate_data':
/home/miroalex07/Documents/cansat-gravitsapa-2023-2024/src/board/Debug/../Core/Src/bme280.c:758: multiple definition of `bme280_compensate_data'; ./Application/bme280.o:/home/miroalex07/Documents/cansat-gravitsapa-2023-2024/src/board/Debug/../Application/bme280.c:815: first defined here
/opt/st/stm32cubeide_1.12.1/plugins/com.st.stm32cube.ide.mcu.externaltools.gnu-tools-for-stm32.10.3-2021.10.linux64_1.0.200.202301161003/tools/bin/../lib/gcc/arm-none-eabi/10.3.1/../../../../arm-none-eabi/bin/ld: ./Core/Src/bme280.o: in function `bme280_cal_meas_delay':
/home/miroalex07/Documents/cansat-gravitsapa-2023-2024/src/board/Debug/../Core/Src/bme280.c:800: multiple definition of `bme280_cal_meas_delay'; ./Application/bme280.o:/home/miroalex07/Documents/cansat-gravitsapa-2023-2024/src/board/Debug/../Application/bme280.c:857: first defined here
collect2: error: ld returned 1 exit status
make: *** [makefile:65: OA.elf] Error 1
"make -j4 all" terminated with exit code 2. Build might be incomplete.
20:10:09 **** Incremental Build of configuration Debug for project bme280-f405 ****
make -j4 all 
arm-none-eabi-size   bme280-f405.elf 
   text	   data	    bss	    dec	    hex	filename
  38236	    484	   1828	  40548	   9e64	bme280-f405.elf
Finished building: default.size.stdout
 
20:11:33 **** Incremental Build of configuration Debug for project OA ****
make -j4 all 
arm-none-eabi-gcc -o "OA.elf" @"objects.list"   -mcpu=cortex-m3 -T"/home/miroalex07/Documents/cansat-gravitsapa-2023-2024/src/board/STM32F103C8TX_FLASH.ld" --specs=nosys.specs -Wl,-Map="OA.map" -Wl,--gc-sections -static --specs=nano.specs -mfloat-abi=soft -mthumb -u _printf_float -Wl,--start-group -lc -lm -Wl,--end-group
/opt/st/stm32cubeide_1.12.1/plugins/com.st.stm32cube.ide.mcu.externaltools.gnu-tools-for-stm32.10.3-2021.10.linux64_1.0.200.202301161003/tools/bin/../lib/gcc/arm-none-eabi/10.3.1/../../../../arm-none-eabi/bin/ld: ./Core/Src/bme280.o: in function `bme280_init':
/home/miroalex07/Documents/cansat-gravitsapa-2023-2024/src/board/Debug/../Core/Src/bme280.c:414: multiple definition of `bme280_init'; ./Application/bme280.o:/home/miroalex07/Documents/cansat-gravitsapa-2023-2024/src/board/Debug/../Application/bme280.c:405: first defined here
/opt/st/stm32cubeide_1.12.1/plugins/com.st.stm32cube.ide.mcu.externaltools.gnu-tools-for-stm32.10.3-2021.10.linux64_1.0.200.202301161003/tools/bin/../lib/gcc/arm-none-eabi/10.3.1/../../../../arm-none-eabi/bin/ld: ./Core/Src/bme280.o: in function `bme280_get_regs':
/home/miroalex07/Documents/cansat-gravitsapa-2023-2024/src/board/Debug/../Core/Src/bme280.c:450: multiple definition of `bme280_get_regs'; ./Application/bme280.o:/home/miroalex07/Documents/cansat-gravitsapa-2023-2024/src/board/Debug/../Application/bme280.c:459: first defined here
/opt/st/stm32cubeide_1.12.1/plugins/com.st.stm32cube.ide.mcu.externaltools.gnu-tools-for-stm32.10.3-2021.10.linux64_1.0.200.202301161003/tools/bin/../lib/gcc/arm-none-eabi/10.3.1/../../../../arm-none-eabi/bin/ld: ./Core/Src/bme280.o: in function `bme280_soft_reset':
/home/miroalex07/Documents/cansat-gravitsapa-2023-2024/src/board/Debug/../Core/Src/bme280.c:678: multiple definition of `bme280_soft_reset'; ./Application/bme280.o:/home/miroalex07/Documents/cansat-gravitsapa-2023-2024/src/board/Debug/../Application/bme280.c:696: first defined here
/opt/st/stm32cubeide_1.12.1/plugins/com.st.stm32cube.ide.mcu.externaltools.gnu-tools-for-stm32.10.3-2021.10.linux64_1.0.200.202301161003/tools/bin/../lib/gcc/arm-none-eabi/10.3.1/../../../../arm-none-eabi/bin/ld: ./Core/Src/bme280.o: in function `bme280_set_regs':
/home/miroalex07/Documents/cansat-gravitsapa-2023-2024/src/board/Debug/../Core/Src/bme280.c:486: multiple definition of `bme280_set_regs'; ./Application/bme280.o:/home/miroalex07/Documents/cansat-gravitsapa-2023-2024/src/board/Debug/../Application/bme280.c:496: first defined here
/opt/st/stm32cubeide_1.12.1/plugins/com.st.stm32cube.ide.mcu.externaltools.gnu-tools-for-stm32.10.3-2021.10.linux64_1.0.200.202301161003/tools/bin/../lib/gcc/arm-none-eabi/10.3.1/../../../../arm-none-eabi/bin/ld: ./Core/Src/bme280.o: in function `bme280_set_sensor_settings':
/home/miroalex07/Documents/cansat-gravitsapa-2023-2024/src/board/Debug/../Core/Src/bme280.c:558: multiple definition of `bme280_set_sensor_settings'; ./Application/bme280.o:/home/miroalex07/Documents/cansat-gravitsapa-2023-2024/src/board/Debug/../Application/bme280.c:567: first defined here
/opt/st/stm32cubeide_1.12.1/plugins/com.st.stm32cube.ide.mcu.externaltools.gnu-tools-for-stm32.10.3-2021.10.linux64_1.0.200.202301161003/tools/bin/../lib/gcc/arm-none-eabi/10.3.1/../../../../arm-none-eabi/bin/ld: ./Core/Src/bme280.o: in function `bme280_get_sensor_mode':
/home/miroalex07/Documents/cansat-gravitsapa-2023-2024/src/board/Debug/../Core/Src/bme280.c:655: multiple definition of `bme280_get_sensor_mode'; ./Application/bme280.o:/home/miroalex07/Documents/cansat-gravitsapa-2023-2024/src/board/Debug/../Application/bme280.c:670: first defined here
/opt/st/stm32cubeide_1.12.1/plugins/com.st.stm32cube.ide.mcu.externaltools.gnu-tools-for-stm32.10.3-2021.10.linux64_1.0.200.202301161003/tools/bin/../lib/gcc/arm-none-eabi/10.3.1/../../../../arm-none-eabi/bin/ld: ./Core/Src/bme280.o: in function `bme280_get_sensor_settings':
/home/miroalex07/Documents/cansat-gravitsapa-2023-2024/src/board/Debug/../Core/Src/bme280.c:603: multiple definition of `bme280_get_sensor_settings'; ./Application/bme280.o:/home/miroalex07/Documents/cansat-gravitsapa-2023-2024/src/board/Debug/../Application/bme280.c:612: first defined here
/opt/st/stm32cubeide_1.12.1/plugins/com.st.stm32cube.ide.mcu.externaltools.gnu-tools-for-stm32.10.3-2021.10.linux64_1.0.200.202301161003/tools/bin/../lib/gcc/arm-none-eabi/10.3.1/../../../../arm-none-eabi/bin/ld: ./Core/Src/bme280.o: in function `bme280_set_sensor_mode':
/home/miroalex07/Documents/cansat-gravitsapa-2023-2024/src/board/Debug/../Core/Src/bme280.c:628: multiple definition of `bme280_set_sensor_mode'; ./Application/bme280.o:/home/miroalex07/Documents/cansat-gravitsapa-2023-2024/src/board/Debug/../Application/bme280.c:637: first defined here
/opt/st/stm32cubeide_1.12.1/plugins/com.st.stm32cube.ide.mcu.externaltools.gnu-tools-for-stm32.10.3-2021.10.linux64_1.0.200.202301161003/tools/bin/../lib/gcc/arm-none-eabi/10.3.1/../../../../arm-none-eabi/bin/ld: ./Core/Src/bme280.o: in function `bme280_get_sensor_data':
/home/miroalex07/Documents/cansat-gravitsapa-2023-2024/src/board/Debug/../Core/Src/bme280.c:716: multiple definition of `bme280_get_sensor_data'; ./Application/bme280.o:/home/miroalex07/Documents/cansat-gravitsapa-2023-2024/src/board/Debug/../Application/bme280.c:741: first defined here
/opt/st/stm32cubeide_1.12.1/plugins/com.st.stm32cube.ide.mcu.externaltools.gnu-tools-for-stm32.10.3-2021.10.linux64_1.0.200.202301161003/tools/bin/../lib/gcc/arm-none-eabi/10.3.1/../../../../arm-none-eabi/bin/ld: ./Core/Src/bme280.o: in function `bme280_compensate_data':
/home/miroalex07/Documents/cansat-gravitsapa-2023-2024/src/board/Debug/../Core/Src/bme280.c:758: multiple definition of `bme280_compensate_data'; ./Application/bme280.o:/home/miroalex07/Documents/cansat-gravitsapa-2023-2024/src/board/Debug/../Application/bme280.c:815: first defined here
/opt/st/stm32cubeide_1.12.1/plugins/com.st.stm32cube.ide.mcu.externaltools.gnu-tools-for-stm32.10.3-2021.10.linux64_1.0.200.202301161003/tools/bin/../lib/gcc/arm-none-eabi/10.3.1/../../../../arm-none-eabi/bin/ld: ./Core/Src/bme280.o: in function `bme280_cal_meas_delay':
/home/miroalex07/Documents/cansat-gravitsapa-2023-2024/src/board/Debug/../Core/Src/bme280.c:800: multiple definition of `bme280_cal_meas_delay'; ./Application/bme280.o:/home/miroalex07/Documents/cansat-gravitsapa-2023-2024/src/board/Debug/../Application/bme280.c:857: first defined here
collect2: error: ld returned 1 exit status
make: *** [makefile:65: OA.elf] Error 1
"make -j4 all" terminated with exit code 2. Build might be incomplete.
20:12:56 **** Incremental Build of configuration Debug for project OA ****
make -j4 all 
arm-none-eabi-gcc "../Core/Src/main.c" -mcpu=cortex-m3 -std=gnu11 -g3 -DDEBUG -DUSE_HAL_DRIVER -DSTM32F103xB -c -I../Core/Inc -I../Drivers/STM32F1xx_HAL_Driver/Inc/Legacy -I../Drivers/STM32F1xx_HAL_Driver/Inc -I../Drivers/CMSIS/Device/ST/STM32F1xx/Include -I../Drivers/CMSIS/Include -O0 -ffunction-sections -fdata-sections -Wall -fstack-usage -fcyclomatic-complexity -MMD -MP -MF"Core/Src/main.d" -MT"Core/Src/main.o" --specs=nano.specs -mfloat-abi=soft -mthumb -o "Core/Src/main.o"
arm-none-eabi-gcc "../Core/Src/stm32f1xx_hal_msp.c" -mcpu=cortex-m3 -std=gnu11 -g3 -DDEBUG -DUSE_HAL_DRIVER -DSTM32F103xB -c -I../Core/Inc -I../Drivers/STM32F1xx_HAL_Driver/Inc/Legacy -I../Drivers/STM32F1xx_HAL_Driver/Inc -I../Drivers/CMSIS/Device/ST/STM32F1xx/Include -I../Drivers/CMSIS/Include -O0 -ffunction-sections -fdata-sections -Wall -fstack-usage -fcyclomatic-complexity -MMD -MP -MF"Core/Src/stm32f1xx_hal_msp.d" -MT"Core/Src/stm32f1xx_hal_msp.o" --specs=nano.specs -mfloat-abi=soft -mthumb -o "Core/Src/stm32f1xx_hal_msp.o"
arm-none-eabi-gcc "../Core/Src/stm32f1xx_it.c" -mcpu=cortex-m3 -std=gnu11 -g3 -DDEBUG -DUSE_HAL_DRIVER -DSTM32F103xB -c -I../Core/Inc -I../Drivers/STM32F1xx_HAL_Driver/Inc/Legacy -I../Drivers/STM32F1xx_HAL_Driver/Inc -I../Drivers/CMSIS/Device/ST/STM32F1xx/Include -I../Drivers/CMSIS/Include -O0 -ffunction-sections -fdata-sections -Wall -fstack-usage -fcyclomatic-complexity -MMD -MP -MF"Core/Src/stm32f1xx_it.d" -MT"Core/Src/stm32f1xx_it.o" --specs=nano.specs -mfloat-abi=soft -mthumb -o "Core/Src/stm32f1xx_it.o"
arm-none-eabi-gcc "../Core/Src/syscalls.c" -mcpu=cortex-m3 -std=gnu11 -g3 -DDEBUG -DUSE_HAL_DRIVER -DSTM32F103xB -c -I../Core/Inc -I../Drivers/STM32F1xx_HAL_Driver/Inc/Legacy -I../Drivers/STM32F1xx_HAL_Driver/Inc -I../Drivers/CMSIS/Device/ST/STM32F1xx/Include -I../Drivers/CMSIS/Include -O0 -ffunction-sections -fdata-sections -Wall -fstack-usage -fcyclomatic-complexity -MMD -MP -MF"Core/Src/syscalls.d" -MT"Core/Src/syscalls.o" --specs=nano.specs -mfloat-abi=soft -mthumb -o "Core/Src/syscalls.o"
arm-none-eabi-gcc "../Core/Src/sysmem.c" -mcpu=cortex-m3 -std=gnu11 -g3 -DDEBUG -DUSE_HAL_DRIVER -DSTM32F103xB -c -I../Core/Inc -I../Drivers/STM32F1xx_HAL_Driver/Inc/Legacy -I../Drivers/STM32F1xx_HAL_Driver/Inc -I../Drivers/CMSIS/Device/ST/STM32F1xx/Include -I../Drivers/CMSIS/Include -O0 -ffunction-sections -fdata-sections -Wall -fstack-usage -fcyclomatic-complexity -MMD -MP -MF"Core/Src/sysmem.d" -MT"Core/Src/sysmem.o" --specs=nano.specs -mfloat-abi=soft -mthumb -o "Core/Src/sysmem.o"
arm-none-eabi-gcc "../Core/Src/system_stm32f1xx.c" -mcpu=cortex-m3 -std=gnu11 -g3 -DDEBUG -DUSE_HAL_DRIVER -DSTM32F103xB -c -I../Core/Inc -I../Drivers/STM32F1xx_HAL_Driver/Inc/Legacy -I../Drivers/STM32F1xx_HAL_Driver/Inc -I../Drivers/CMSIS/Device/ST/STM32F1xx/Include -I../Drivers/CMSIS/Include -O0 -ffunction-sections -fdata-sections -Wall -fstack-usage -fcyclomatic-complexity -MMD -MP -MF"Core/Src/system_stm32f1xx.d" -MT"Core/Src/system_stm32f1xx.o" --specs=nano.specs -mfloat-abi=soft -mthumb -o "Core/Src/system_stm32f1xx.o"
arm-none-eabi-gcc -o "OA.elf" @"objects.list"   -mcpu=cortex-m3 -T"/home/miroalex07/Documents/cansat-gravitsapa-2023-2024/src/board/STM32F103C8TX_FLASH.ld" --specs=nosys.specs -Wl,-Map="OA.map" -Wl,--gc-sections -static --specs=nano.specs -mfloat-abi=soft -mthumb -u _printf_float -Wl,--start-group -lc -lm -Wl,--end-group
Finished building target: OA.elf
 
arm-none-eabi-size   OA.elf 
arm-none-eabi-objdump -h -S  OA.elf  > "OA.list"
   text	   data	    bss	    dec	    hex	filename
  32648	    484	   1756	  34888	   8848	OA.elf
Finished building: default.size.stdout
 
Finished building: OA.list
 
20:12:57 **** Incremental Build of configuration Debug for project bme280-f405 ****
make -j4 all 
arm-none-eabi-size   bme280-f405.elf 
   text	   data	    bss	    dec	    hex	filename
  38236	    484	   1828	  40548	   9e64	bme280-f405.elf
Finished building: default.size.stdout
 
20:14:43 **** Incremental Build of configuration Debug for project OA ****
make -j4 all 
arm-none-eabi-gcc "../Application/app_main.c" -mcpu=cortex-m3 -std=gnu11 -g3 -DDEBUG -DUSE_HAL_DRIVER -DSTM32F103xB -c -I../Core/Inc -I../Drivers/STM32F1xx_HAL_Driver/Inc/Legacy -I../Drivers/STM32F1xx_HAL_Driver/Inc -I../Drivers/CMSIS/Device/ST/STM32F1xx/Include -I../Drivers/CMSIS/Include -O0 -ffunction-sections -fdata-sections -Wall -fstack-usage -fcyclomatic-complexity -MMD -MP -MF"Application/app_main.d" -MT"Application/app_main.o" --specs=nano.specs -mfloat-abi=soft -mthumb -o "Application/app_main.o"
../Application/app_main.c: In function 'bme_i2c_read':
../Application/app_main.c:30:34: warning: passing argument 2 of 'HAL_I2C_Master_Transmit' makes integer from pointer without a cast [-Wint-conversion]
   30 |  HAL_I2C_Master_Transmit(&hi2c2, &reg_addr, data, 1, HAL_MAX_DELAY); //FIXME
      |                                  ^~~~~~~~~
      |                                  |
      |                                  uint8_t * {aka unsigned char *}
In file included from ../Core/Inc/stm32f1xx_hal_conf.h:298,
                 from ../Drivers/STM32F1xx_HAL_Driver/Inc/stm32f1xx_hal.h:29,
                 from ../Application/app_main.c:3:
../Drivers/STM32F1xx_HAL_Driver/Inc/stm32f1xx_hal_i2c.h:563:77: note: expected 'uint16_t' {aka 'short unsigned int'} but argument is of type 'uint8_t *' {aka 'unsigned char *'}
  563 | HAL_StatusTypeDef HAL_I2C_Master_Transmit(I2C_HandleTypeDef *hi2c, uint16_t DevAddress, uint8_t *pData, uint16_t Size, uint32_t Timeout);
      |                                                                    ~~~~~~~~~^~~~~~~~~~
../Application/app_main.c:31:33: warning: passing argument 2 of 'HAL_I2C_Master_Receive' makes integer from pointer without a cast [-Wint-conversion]
   31 |  HAL_I2C_Master_Receive(&hi2c2, &reg_addr, data, data_len, HAL_MAX_DELAY); //FIXME
      |                                 ^~~~~~~~~
      |                                 |
      |                                 uint8_t * {aka unsigned char *}
In file included from ../Core/Inc/stm32f1xx_hal_conf.h:298,
                 from ../Drivers/STM32F1xx_HAL_Driver/Inc/stm32f1xx_hal.h:29,
                 from ../Application/app_main.c:3:
../Drivers/STM32F1xx_HAL_Driver/Inc/stm32f1xx_hal_i2c.h:564:76: note: expected 'uint16_t' {aka 'short unsigned int'} but argument is of type 'uint8_t *' {aka 'unsigned char *'}
  564 | HAL_StatusTypeDef HAL_I2C_Master_Receive(I2C_HandleTypeDef *hi2c, uint16_t DevAddress, uint8_t *pData, uint16_t Size, uint32_t Timeout);
      |                                                                   ~~~~~~~~~^~~~~~~~~~
../Application/app_main.c: In function 'bme_i2c_write':
../Application/app_main.c:46:34: warning: passing argument 2 of 'HAL_I2C_Master_Transmit' makes integer from pointer without a cast [-Wint-conversion]
   46 |  HAL_I2C_Master_Transmit(&hi2c2, &reg_addr, data, 1, HAL_MAX_DELAY); //FIXME
      |                                  ^~~~~~~~~
      |                                  |
      |                                  uint8_t * {aka unsigned char *}
In file included from ../Core/Inc/stm32f1xx_hal_conf.h:298,
                 from ../Drivers/STM32F1xx_HAL_Driver/Inc/stm32f1xx_hal.h:29,
                 from ../Application/app_main.c:3:
../Drivers/STM32F1xx_HAL_Driver/Inc/stm32f1xx_hal_i2c.h:563:77: note: expected 'uint16_t' {aka 'short unsigned int'} but argument is of type 'uint8_t *' {aka 'unsigned char *'}
  563 | HAL_StatusTypeDef HAL_I2C_Master_Transmit(I2C_HandleTypeDef *hi2c, uint16_t DevAddress, uint8_t *pData, uint16_t Size, uint32_t Timeout);
      |                                                                    ~~~~~~~~~^~~~~~~~~~
../Application/app_main.c:46:45: warning: passing argument 3 of 'HAL_I2C_Master_Transmit' discards 'const' qualifier from pointer target type [-Wdiscarded-qualifiers]
   46 |  HAL_I2C_Master_Transmit(&hi2c2, &reg_addr, data, 1, HAL_MAX_DELAY); //FIXME
      |                                             ^~~~
In file included from ../Core/Inc/stm32f1xx_hal_conf.h:298,
                 from ../Drivers/STM32F1xx_HAL_Driver/Inc/stm32f1xx_hal.h:29,
                 from ../Application/app_main.c:3:
../Drivers/STM32F1xx_HAL_Driver/Inc/stm32f1xx_hal_i2c.h:563:98: note: expected 'uint8_t *' {aka 'unsigned char *'} but argument is of type 'const uint8_t *' {aka 'const unsigned char *'}
  563 | HAL_StatusTypeDef HAL_I2C_Master_Transmit(I2C_HandleTypeDef *hi2c, uint16_t DevAddress, uint8_t *pData, uint16_t Size, uint32_t Timeout);
      |                                                                                         ~~~~~~~~~^~~~~
../Application/app_main.c:47:33: warning: passing argument 2 of 'HAL_I2C_Master_Receive' makes integer from pointer without a cast [-Wint-conversion]
   47 |  HAL_I2C_Master_Receive(&hi2c2, &reg_addr, data, data_len, HAL_MAX_DELAY); //FIXME
      |                                 ^~~~~~~~~
      |                                 |
      |                                 uint8_t * {aka unsigned char *}
In file included from ../Core/Inc/stm32f1xx_hal_conf.h:298,
                 from ../Drivers/STM32F1xx_HAL_Driver/Inc/stm32f1xx_hal.h:29,
                 from ../Application/app_main.c:3:
../Drivers/STM32F1xx_HAL_Driver/Inc/stm32f1xx_hal_i2c.h:564:76: note: expected 'uint16_t' {aka 'short unsigned int'} but argument is of type 'uint8_t *' {aka 'unsigned char *'}
  564 | HAL_StatusTypeDef HAL_I2C_Master_Receive(I2C_HandleTypeDef *hi2c, uint16_t DevAddress, uint8_t *pData, uint16_t Size, uint32_t Timeout);
      |                                                                   ~~~~~~~~~^~~~~~~~~~
../Application/app_main.c:47:44: warning: passing argument 3 of 'HAL_I2C_Master_Receive' discards 'const' qualifier from pointer target type [-Wdiscarded-qualifiers]
   47 |  HAL_I2C_Master_Receive(&hi2c2, &reg_addr, data, data_len, HAL_MAX_DELAY); //FIXME
      |                                            ^~~~
In file included from ../Core/Inc/stm32f1xx_hal_conf.h:298,
                 from ../Drivers/STM32F1xx_HAL_Driver/Inc/stm32f1xx_hal.h:29,
                 from ../Application/app_main.c:3:
../Drivers/STM32F1xx_HAL_Driver/Inc/stm32f1xx_hal_i2c.h:564:97: note: expected 'uint8_t *' {aka 'unsigned char *'} but argument is of type 'const uint8_t *' {aka 'const unsigned char *'}
  564 | HAL_StatusTypeDef HAL_I2C_Master_Receive(I2C_HandleTypeDef *hi2c, uint16_t DevAddress, uint8_t *pData, uint16_t Size, uint32_t Timeout);
      |                                                                                        ~~~~~~~~~^~~~~
../Application/app_main.c: In function 'app_main':
../Application/app_main.c:152:9: warning: variable 'temperature_celsius' set but not used [-Wunused-but-set-variable]
  152 |   float temperature_celsius;
      |         ^~~~~~~~~~~~~~~~~~~
arm-none-eabi-gcc -o "OA.elf" @"objects.list"   -mcpu=cortex-m3 -T"/home/miroalex07/Documents/cansat-gravitsapa-2023-2024/src/board/STM32F103C8TX_FLASH.ld" --specs=nosys.specs -Wl,-Map="OA.map" -Wl,--gc-sections -static --specs=nano.specs -mfloat-abi=soft -mthumb -u _printf_float -Wl,--start-group -lc -lm -Wl,--end-group
Finished building target: OA.elf
 
arm-none-eabi-size   OA.elf 
arm-none-eabi-objdump -h -S  OA.elf  > "OA.list"
   text	   data	    bss	    dec	    hex	filename
  35432	    484	   1756	  37672	   9328	OA.elf
Finished building: default.size.stdout
 
Finished building: OA.list
 
20:14:44 **** Incremental Build of configuration Debug for project bme280-f405 ****
make -j4 all 
arm-none-eabi-size   bme280-f405.elf 
   text	   data	    bss	    dec	    hex	filename
  38236	    484	   1828	  40548	   9e64	bme280-f405.elf
Finished building: default.size.stdout
 
20:16:53 **** Incremental Build of configuration Debug for project OA ****
make -j4 all 
arm-none-eabi-size   OA.elf 
   text	   data	    bss	    dec	    hex	filename
  35432	    484	   1756	  37672	   9328	OA.elf
Finished building: default.size.stdout
 
